customer_id,min
CS001311000059,20180211
CS004614000122,20181228
CS003512000043,20180106
CS011615000061,20190503
CS029212000033,20170318
CS007515000119,20170201
CS034515000123,20170527
CS004315000058,20170517
CS026414000014,20170718
CS001615000099,20170729
