sales_ymd,customer_id,product_cd,amount
20180911,CS018205000001,P071401012,2200
20190226,CS018205000001,P071401020,2200
20180911,CS018205000001,P071401005,1100
