customer_id,max,min
CS029212000033,20180621,20170318
CS007515000119,20190511,20170201
CS034515000123,20190708,20170527
CS026414000014,20190720,20170718
CS010515000082,20181204,20180518
CS019315000045,20170920,20170423
CS008513000099,20190308,20170722
CS007615000070,20191025,20170929
CS025415000155,20191026,20170314
CS016414000063,20190617,20170109
