customer_id,sum_amount
CS013415000226,8362
CS011415000041,9454
CS014514000004,8872
CS021514000008,12839
CS014515000007,9763
CS040415000220,10158
CS028415000161,8465
CS034515000173,10074
CS022515000065,12903
CS007514000094,15735
