store_cd,product_cd,mode_cnt
S12007,P060303001,72
S12013,P060303001,107
S12014,P060303001,65
S12029,P060303001,92
S12030,P060303001,115
S13001,P060303001,67
S13002,P060303001,78
S13003,P071401001,65
S13004,P060303001,88
S13005,P040503001,36
