store_cd,mode
S12007,P060303001
S12013,P060303001
S12014,P060303001
S12029,P060303001
S12030,P060303001
S13001,P060303001
S13002,P060303001
S13003,P071401001
S13004,P060303001
S13005,P040503001
