customer_id,sum_amount,sales_flg
CS001311000059,2302,1
CS004614000122,248,0
CS003512000043,298,0
CS011615000061,246,0
CS029212000033,3604,1
CS007515000119,7157,1
CS034515000123,3699,1
CS004315000058,490,0
CS026414000014,6671,1
CS001615000099,768,0
