product_cd,category_major_cd,category_medium_cd,category_small_cd,unit_price,unit_cost,category_small_name
P040101001,04,0401,040101,198,149,弁当類
P040101002,04,0401,040101,218,164,弁当類
P040101003,04,0401,040101,230,173,弁当類
P040101004,04,0401,040101,248,186,弁当類
P040101005,04,0401,040101,268,201,弁当類
P040101006,04,0401,040101,298,224,弁当類
P040101007,04,0401,040101,338,254,弁当類
P040101008,04,0401,040101,420,315,弁当類
P040101009,04,0401,040101,498,374,弁当類
P040101010,04,0401,040101,580,435,弁当類
