customer_id,sum_amount,pct_group
CS001311000059,2302,3
CS004614000122,248,1
CS003512000043,298,1
CS011615000061,246,1
CS029212000033,3604,3
CS007515000119,7157,4
CS034515000123,3699,4
CS004315000058,490,1
CS026414000014,6671,4
CS001615000099,768,2
