customer_id,application_date
CS021313000114,2015-09-05
CS037613000071,2015-04-14
CS031415000172,2015-05-29
CS028811000001,2016-01-15
CS001215000145,2017-06-05
CS020401000016,2015-02-25
CS015414000103,2015-07-22
CS029403000008,2015-05-15
CS015804000004,2015-06-07
CS033513000180,2015-07-28
