store_cd,amount_50per
S13052,190.0
S14010,188.0
S14050,185.0
S13003,180.0
S13018,180.0
