customer_id,address,prefecture_cd
CS021313000114,神奈川県伊勢原市粟窪**********,14
CS037613000071,東京都江東区南砂**********,13
CS031415000172,東京都渋谷区代々木**********,13
CS028811000001,神奈川県横浜市泉区和泉町**********,14
CS001215000145,東京都大田区仲六郷**********,13
CS020401000016,東京都板橋区若木**********,13
CS015414000103,東京都江東区北砂**********,13
CS029403000008,千葉県浦安市海楽**********,12
CS015804000004,東京都江東区北砂**********,13
CS033513000180,神奈川県横浜市旭区善部町**********,14
