receipt_no,receipt_sub_no,sales_ymd
112,1,2018-11-03
1132,2,2018-11-18
1102,1,2017-07-12
1132,1,2019-02-05
1102,2,2018-08-21
1112,1,2019-06-05
1102,2,2018-12-05
1102,1,2019-09-22
1112,2,2017-05-04
1102,1,2019-10-10
