customer_id,sum_amount
CS029212000033,3604
CS007515000119,7157
CS034515000123,3699
CS026414000014,6671
CS007615000070,2975
CS016414000063,6207
CS012514000018,2562
CS029515000142,3420
CS015215000021,3090
CS039814000011,8031
