sales_date,customer_id,product_cd,amount
20181103,CS006214000001,P070305012,158
20181118,CS008415000097,P070701017,81
20170712,CS028414000014,P060101005,170
20190205,ZZ000000000000,P050301001,25
20180821,CS025415000050,P060102007,90
20190605,CS003515000195,P050102002,138
20181205,CS024514000042,P080101005,30
20190922,CS040415000178,P070501004,128
20170504,ZZ000000000000,P071302010,770
20191010,CS027514000015,P071101003,680
