customer_id,sum_amount,log_sum_amount
ZZ000000000000,12395003,16.332804005823312
