customer_id,gender_cd_0,gender_cd_1,gender_cd_9
CS021313000114,0,1,0
CS037613000071,0,0,1
CS031415000172,0,1,0
CS028811000001,0,1,0
CS001215000145,0,1,0
CS020401000016,1,0,0
CS015414000103,0,1,0
CS029403000008,1,0,0
CS015804000004,1,0,0
CS033513000180,0,1,0
