customer_id,coalesce
CS021313000114,0
CS031415000172,5088
CS028811000001,0
CS001215000145,875
CS015414000103,3122
CS033513000180,868
CS035614000014,0
CS011215000048,3444
CS009413000079,0
CS040412000191,210
