sales_ymd,amount,lag_ymd,lag_amount
20170102,24165,20170101,33723
20170103,27503,20170101,33723
20170103,27503,20170102,24165
20170104,36165,20170101,33723
20170104,36165,20170102,24165
20170104,36165,20170103,27503
20170105,37830,20170102,24165
20170105,37830,20170103,27503
20170105,37830,20170104,36165
20170106,32387,20170103,27503
