era,male,female,unknown
10.0,1591,149836,4317
20.0,72940,1363724,44328
30.0,177322,693047,50441
40.0,19355,9320791,483512
50.0,54320,6685192,342923
60.0,272469,987741,71418
70.0,13435,29764,2427
80.0,46360,262923,5111
90.0,None,6260,None
