receipt_no,receipt_sub_no,sales_year
112,1,2018
1132,2,2018
1102,1,2017
1132,1,2019
1102,2,2018
1112,1,2019
1102,2,2018
1102,1,2019
1112,2,2017
1102,1,2019
