customer_id,sales_ymd,application_date,elapsed_months
CS017515000010,20171117,20150803,27
CS019515000097,20190630,20141124,55
CS008515000005,20170714,20150216,28
CS026414000097,20170809,20150430,27
CS034514000008,20181012,20150807,38
CS029415000089,20180409,20150723,32
CS019411000012,20190314,20141213,51
CS015614000006,20190802,20150211,53
CS007515000053,20170712,20150325,27
CS024615000041,20170729,20150918,22
