product_cd,category_major_cd,category_medium_cd,category_small_cd,unit_price,unit_cost
0,0,0,0,7,7
