customer_id,amount,ranking
CS011415000006,10925,1
ZZ000000000000,6800,2
CS028605000002,5780,3
ZZ000000000000,5480,4
CS015515000034,5480,5
ZZ000000000000,5480,6
ZZ000000000000,5440,7
CS021515000089,5440,8
CS001412000160,5280,9
CS020515000102,5280,10
