customer_id,sales_ymd,application_date,elapsed_days
CS017515000010,20171117,20150803,837
CS019515000097,20190630,20141124,1679
CS008515000005,20170714,20150216,879
CS026414000097,20170809,20150430,832
CS034514000008,20181012,20150807,1162
CS029415000089,20180409,20150723,991
CS019411000012,20190314,20141213,1552
CS015614000006,20190802,20150211,1633
CS007515000053,20170712,20150325,840
CS024615000041,20170729,20150918,680
