customer_id,birth_day
CS021313000114,19810429
CS037613000071,19520401
CS031415000172,19761004
CS028811000001,19330327
CS001215000145,19950329
CS020401000016,19740915
CS015414000103,19770809
CS029403000008,19730817
CS015804000004,19310502
CS033513000180,19620711
