receipt_no,receipt_sub_no,sales_month
112,1,11
1132,2,11
1102,1,07
1132,1,02
1102,2,08
1112,1,06
1102,2,12
1102,1,09
1112,2,05
1102,1,10
