amount_25per,amount_50per,amount_75per,amount_100per
102.0,170.0,288.0,10925.0
